// Jest Snapshot v1, https://goo.gl/fbAQLP

exports[`should match default snapshot config when no config file is present 1`] = `
Object {
  "aliases": Object {},
  "createRenderer": Object {},
  "csrf": true,
  "csrfExclude": Array [],
  "i18n": Object {
    "silentTranslationWarn": true,
  },
  "plugins": Array [],
  "progressbar": true,
  "router": Object {},
  "webpack": Object {
    "base": false,
    "client": false,
    "css": Object {
      "extract": false,
      "styleResources": Object {
        "options": Object {},
        "resources": Array [],
      },
    },
    "process": Object {
      "env": Object {},
    },
    "purgeCss": false,
    "server": false,
    "sw": false,
  },
}
`;
